// Jest Snapshot v1, https://jestjs.io/docs/snapshot-testing

exports[`Home page matches snapshot 1`] = `
<div>
  <div>
    <div>
      <h1>
        Chicago Transit Tracker
      </h1>
    </div>
    <section
      class="mx-auto max-w-7xl px-4 py-12 sm:px-6 lg:px-8"
    >
      <div>
        <div
          class="mb-6"
        >
          <h2
            class="text-xs font-semibold tracking-widest text-gray-400 uppercase dark:text-gray-500"
          >
            Service Alerts
          </h2>
        </div>
        <div
          class="rounded-xl border border-red-200 bg-red-50 p-6 dark:border-red-900/30 dark:bg-red-950/20"
        >
          <p
            class="mb-3 text-sm font-medium text-red-700 dark:text-red-400"
          >
            Failed to load alerts: 
            (0 , _metrarealtime.fetchMetraAlerts) is not a function
          </p>
          <button
            class="rounded-lg bg-red-600 px-4 py-2 text-sm font-medium text-white transition-colors hover:bg-red-700"
          >
            Retry
          </button>
        </div>
      </div>
    </section>
  </div>
</div>
`;
