// Jest Snapshot v1, https://jestjs.io/docs/snapshot-testing

exports[`StationTimetable matches snapshot 1`] = `
<div>
  <div
    class="mt-8"
  >
    <div
      class="mb-4 flex flex-wrap items-center justify-between gap-3"
    >
      <h2
        class="text-xs font-semibold tracking-widest text-gray-400 uppercase dark:text-gray-500"
      >
        Timetable
      </h2>
      <div
        class="flex flex-wrap items-center gap-2"
      >
        <div
          class="flex overflow-hidden rounded-lg border border-gray-200 text-xs font-medium dark:border-gray-700"
        >
          <button
            class="px-3 py-1.5 transition-colors bg-gray-900 text-white dark:bg-white dark:text-gray-900"
          >
            All
          </button>
          <button
            class="px-3 py-1.5 transition-colors text-gray-500 hover:text-gray-900 dark:text-gray-400 dark:hover:text-white"
          >
            Inbound
          </button>
          <button
            class="px-3 py-1.5 transition-colors text-gray-500 hover:text-gray-900 dark:text-gray-400 dark:hover:text-white"
          >
            Outbound
          </button>
        </div>
        <div
          class="flex overflow-hidden rounded-lg border border-gray-200 text-xs font-medium dark:border-gray-700"
        >
          <button
            class="px-3 py-1.5 transition-colors bg-gray-900 text-white dark:bg-white dark:text-gray-900"
          >
            Weekday
          </button>
          <button
            class="px-3 py-1.5 transition-colors text-gray-500 hover:text-gray-900 dark:text-gray-400 dark:hover:text-white"
          >
            Saturday
          </button>
          <button
            class="px-3 py-1.5 transition-colors text-gray-500 hover:text-gray-900 dark:text-gray-400 dark:hover:text-white"
          >
            Sunday
          </button>
        </div>
      </div>
    </div>
    <div
      class="overflow-hidden rounded-xl border border-gray-100 bg-white shadow-sm dark:border-gray-700 dark:bg-gray-900"
    >
      <div
        class="divide-y divide-gray-50 dark:divide-gray-800"
      >
        <a
          class="group flex items-center gap-4 px-4 py-3 transition-colors hover:bg-gray-50 dark:hover:bg-gray-800"
          href="/metra/bnsf/train/1234"
        >
          <span
            class="w-20 shrink-0 text-sm font-semibold text-gray-900 tabular-nums dark:text-white"
          >
            6:10 AM
          </span>
          <span
            class="flex-1 truncate text-sm text-gray-600 dark:text-gray-400"
          >
            To 
            Aurora
          </span>
          <span
            class="shrink-0 text-xs font-medium text-gray-400 transition-colors group-hover:text-gray-600 dark:text-gray-500 dark:group-hover:text-gray-300"
          >
            Train 
            1234
          </span>
          <span
            class="shrink-0 text-gray-300 transition-colors group-hover:text-gray-500 dark:text-gray-600 dark:group-hover:text-gray-400"
          >
            →
          </span>
        </a>
        <a
          class="group flex items-center gap-4 px-4 py-3 transition-colors hover:bg-gray-50 dark:hover:bg-gray-800"
          href="/metra/bnsf/train/1235"
        >
          <span
            class="w-20 shrink-0 text-sm font-semibold text-gray-900 tabular-nums dark:text-white"
          >
            7:00 AM
          </span>
          <span
            class="flex-1 truncate text-sm text-gray-600 dark:text-gray-400"
          >
            To 
            Union Station
          </span>
          <span
            class="shrink-0 text-xs font-medium text-gray-400 transition-colors group-hover:text-gray-600 dark:text-gray-500 dark:group-hover:text-gray-300"
          >
            Train 
            1235
          </span>
          <span
            class="shrink-0 text-gray-300 transition-colors group-hover:text-gray-500 dark:text-gray-600 dark:group-hover:text-gray-400"
          >
            →
          </span>
        </a>
      </div>
    </div>
  </div>
</div>
`;
