// Jest Snapshot v1, https://jestjs.io/docs/snapshot-testing

exports[`Breadcrumb matches snapshot 1`] = `
<div>
  <nav
    aria-label="Breadcrumb"
  >
    <ol
      class="flex flex-wrap items-center gap-1 text-sm text-white/70"
      style="text-shadow: 0 1px 2px rgba(0,0,0,0.4);"
    >
      <li
        class="flex items-center gap-1"
      >
        <a
          class="transition-colors hover:text-white"
          href="/cta"
        >
          CTA Lines
        </a>
      </li>
      <li
        class="flex items-center gap-1"
      >
        <span
          aria-hidden="true"
          class="text-white/40"
        >
          ›
        </span>
        <a
          class="transition-colors hover:text-white"
          href="/cta/red"
        >
          Red Line
        </a>
      </li>
      <li
        class="flex items-center gap-1"
      >
        <span
          aria-hidden="true"
          class="text-white/40"
        >
          ›
        </span>
        <span
          aria-current="page"
          class="font-medium text-white"
        >
          Clark/Lake
        </span>
      </li>
    </ol>
  </nav>
</div>
`;
