// Jest Snapshot v1, https://jestjs.io/docs/snapshot-testing

exports[`LinkCard matches snapshot 1`] = `
<div>
  <a
    class="group flex items-center justify-between gap-4 rounded-lg border border-gray-200 bg-white px-5 py-4 shadow-sm transition hover:border-gray-300 hover:shadow-md dark:border-gray-700 dark:bg-gray-900 dark:hover:border-gray-600"
    href="/cta/red"
  >
    <div
      class="flex min-w-0 items-center gap-3"
    >
      <span
        class="shrink-0 rounded px-2 py-0.5 text-xs font-semibold"
        style="background-color: rgb(198, 12, 48); color: rgb(255, 255, 255);"
      >
        Red
      </span>
      <div
        class="min-w-0"
      >
        <p
          class="truncate font-medium text-gray-900 dark:text-white"
        >
          Red Line
        </p>
        <p
          class="truncate text-sm text-gray-500 dark:text-gray-400"
        >
          Howard → 95th/Dan Ryan
        </p>
      </div>
    </div>
    <div
      class="flex shrink-0 items-center gap-3"
    >
      <span
        class="text-sm text-gray-400 dark:text-gray-500"
      >
        33 stations · 23 mi
      </span>
      <span
        class="text-gray-300 transition group-hover:text-gray-500 dark:text-gray-600 dark:group-hover:text-gray-400"
      >
        →
      </span>
    </div>
  </a>
</div>
`;
