// Jest Snapshot v1, https://jestjs.io/docs/snapshot-testing

exports[`PageHeader matches snapshot 1`] = `
<div>
  <section
    class="relative -mx-4 -mt-8 mb-8 flex h-56 flex-col overflow-hidden sm:-mx-6 sm:h-64 lg:-mx-8 lg:h-72"
  >
    <img
      alt=""
      class="object-cover object-[center_40%]"
      src="/hero-header.jpg"
    />
    <div
      aria-hidden="true"
      class="absolute inset-0 bg-black/30 dark:bg-black/40"
    />
    <div
      aria-hidden="true"
      class="absolute inset-0 bg-linear-to-t from-black/75 via-black/20 to-transparent dark:from-black/85 dark:via-black/40"
    />
    <div
      class="relative z-10 mx-auto mt-auto w-full max-w-7xl px-4 pb-8 sm:px-6 lg:px-8"
    >
      <div
        class="mb-3 flex flex-wrap items-center gap-2"
      >
        <span>
          Badge
        </span>
      </div>
      <h1
        class="text-2xl font-bold tracking-tight text-white sm:text-3xl lg:text-4xl"
        style="text-shadow: 0 1px 3px rgba(0,0,0,0.3);"
      >
        CTA Lines
      </h1>
      <p
        class="mt-3 max-w-2xl text-sm text-white/85 sm:text-base"
      >
        8 rapid transit lines.
      </p>
      <div
        class="mt-4"
      >
        <span>
          Child
        </span>
      </div>
    </div>
  </section>
</div>
`;
