// Jest Snapshot v1, https://jestjs.io/docs/snapshot-testing

exports[`CTA station detail page matches snapshot 1`] = `
<div>
  <main>
    <nav
      aria-label="Breadcrumb"
      class="mb-6"
    >
      <ol
        class="flex flex-wrap items-center gap-1 text-sm text-gray-500 dark:text-gray-400"
      >
        <li
          class="flex items-center gap-1"
        >
          <a
            class="transition-colors hover:text-gray-900 dark:hover:text-white"
            href="/cta"
          >
            CTA Lines
          </a>
        </li>
        <li
          class="flex items-center gap-1"
        >
          <span
            aria-hidden="true"
            class="text-gray-300 dark:text-gray-600"
          >
            ›
          </span>
          <a
            class="transition-colors hover:text-gray-900 dark:hover:text-white"
            href="/cta/red"
          >
            Red Line
          </a>
        </li>
        <li
          class="flex items-center gap-1"
        >
          <span
            aria-hidden="true"
            class="text-gray-300 dark:text-gray-600"
          >
            ›
          </span>
          <span
            aria-current="page"
            class="font-medium text-gray-900 dark:text-white"
          >
            Clark/Lake
          </span>
        </li>
      </ol>
    </nav>
    <div
      class="mb-8 border-b border-gray-100 pb-8 dark:border-gray-800"
    >
      <div
        class="mb-3 flex flex-wrap items-center gap-2"
      >
        <span
          class="rounded-full bg-green-100 px-3 py-1 text-xs font-semibold text-green-700 dark:bg-green-900/30 dark:text-green-400"
        >
          24 Hours
        </span>
      </div>
      <h1
        class="text-3xl font-bold tracking-tight text-gray-900 sm:text-4xl dark:text-white"
      >
        Clark/Lake
      </h1>
      <div
        class="mt-4"
      >
        <div
          class="flex flex-wrap gap-2"
        >
          <span
            class="rounded-full px-3 py-1 text-xs font-semibold"
            style="background-color: rgb(198, 12, 48); color: rgb(255, 255, 255);"
          >
            Red
          </span>
          <span
            class="rounded-full px-3 py-1 text-xs font-semibold"
            style="background-color: rgb(0, 161, 222); color: rgb(255, 255, 255);"
          >
            Blue
          </span>
          <span
            class="rounded-full px-3 py-1 text-xs font-semibold"
            style="background-color: rgb(0, 155, 58); color: rgb(255, 255, 255);"
          >
            Green
          </span>
          <span
            class="rounded-full px-3 py-1 text-xs font-semibold"
            style="background-color: rgb(98, 54, 27); color: rgb(255, 255, 255);"
          >
            Brown
          </span>
          <span
            class="rounded-full px-3 py-1 text-xs font-semibold"
            style="background-color: rgb(82, 35, 152); color: rgb(255, 255, 255);"
          >
            Purple
          </span>
          <span
            class="rounded-full px-3 py-1 text-xs font-semibold"
            style="background-color: rgb(226, 126, 166); color: rgb(255, 255, 255);"
          >
            Pink
          </span>
          <span
            class="rounded-full px-3 py-1 text-xs font-semibold"
            style="background-color: rgb(249, 70, 28); color: rgb(255, 255, 255);"
          >
            Orange
          </span>
        </div>
      </div>
    </div>
    <div
      class="flex flex-col gap-4 lg:flex-row lg:items-start"
    >
      <div
        class="w-full lg:w-2/3"
      >
        <div
          class="mb-8 overflow-hidden rounded-xl border border-gray-200 shadow-sm dark:border-gray-700"
        >
          <div
            style="height: 340px;"
          />
        </div>
        <div>
          <div
            class="grid grid-cols-1 gap-4 sm:grid-cols-2 lg:grid-cols-3"
          >
            <div
              class="rounded-xl border border-gray-100 bg-white p-5 shadow-sm dark:border-gray-700 dark:bg-gray-900"
            >
              <h2
                class="mb-4 text-xs font-semibold tracking-widest text-gray-400 uppercase dark:text-gray-500"
              >
                Location
              </h2>
              <div
                class="flex items-start justify-between gap-4 border-b border-gray-50 py-2 last:border-0 dark:border-gray-800"
              >
                <span
                  class="shrink-0 text-sm text-gray-500 dark:text-gray-400"
                >
                  Address
                </span>
                <span
                  class="text-right text-sm font-medium text-gray-900 dark:text-white"
                >
                  100 W Lake St, Chicago, IL
                </span>
              </div>
              <div
                class="flex items-start justify-between gap-4 border-b border-gray-50 py-2 last:border-0 dark:border-gray-800"
              >
                <span
                  class="shrink-0 text-sm text-gray-500 dark:text-gray-400"
                >
                  Municipality
                </span>
                <span
                  class="text-right text-sm font-medium text-gray-900 dark:text-white"
                >
                  Chicago
                </span>
              </div>
              <div
                class="flex items-start justify-between gap-4 border-b border-gray-50 py-2 last:border-0 dark:border-gray-800"
              >
                <span
                  class="shrink-0 text-sm text-gray-500 dark:text-gray-400"
                >
                  Coordinates
                </span>
                <span
                  class="text-right text-sm font-medium text-gray-900 dark:text-white"
                >
                  41.88570, -87.63180
                </span>
              </div>
            </div>
            <div
              class="rounded-xl border border-gray-100 bg-white p-5 shadow-sm dark:border-gray-700 dark:bg-gray-900"
            >
              <h2
                class="mb-4 text-xs font-semibold tracking-widest text-gray-400 uppercase dark:text-gray-500"
              >
                Service
              </h2>
              <div
                class="flex items-start justify-between gap-4 border-b border-gray-50 py-2 last:border-0 dark:border-gray-800"
              >
                <span
                  class="shrink-0 text-sm text-gray-500 dark:text-gray-400"
                >
                  Station Type
                </span>
                <span
                  class="text-right text-sm font-medium text-gray-900 dark:text-white"
                >
                  Subway
                </span>
              </div>
              <div
                class="flex items-start justify-between gap-4 border-b border-gray-50 py-2 last:border-0 dark:border-gray-800"
              >
                <span
                  class="shrink-0 text-sm text-gray-500 dark:text-gray-400"
                >
                  Terminal
                </span>
                <span
                  class="text-right text-sm font-medium text-gray-900 dark:text-white"
                >
                  <span
                    class="inline-flex items-center gap-1 text-sm font-medium text-gray-400"
                  >
                    <span
                      class="h-1.5 w-1.5 rounded-full bg-gray-300"
                    />
                     No
                  </span>
                </span>
              </div>
              <div
                class="flex items-start justify-between gap-4 border-b border-gray-50 py-2 last:border-0 dark:border-gray-800"
              >
                <span
                  class="shrink-0 text-sm text-gray-500 dark:text-gray-400"
                >
                  24-Hour Service
                </span>
                <span
                  class="text-right text-sm font-medium text-gray-900 dark:text-white"
                >
                  <span
                    class="inline-flex items-center gap-1 text-sm font-medium text-green-600"
                  >
                    <span
                      class="h-1.5 w-1.5 rounded-full bg-green-500"
                    />
                     Yes
                  </span>
                </span>
              </div>
              <div
                class="flex items-start justify-between gap-4 border-b border-gray-50 py-2 last:border-0 dark:border-gray-800"
              >
                <span
                  class="shrink-0 text-sm text-gray-500 dark:text-gray-400"
                >
                  Weekday Hours
                </span>
                <span
                  class="text-right text-sm font-medium text-gray-900 dark:text-white"
                >
                  24 hours
                </span>
              </div>
              <div
                class="flex items-start justify-between gap-4 border-b border-gray-50 py-2 last:border-0 dark:border-gray-800"
              >
                <span
                  class="shrink-0 text-sm text-gray-500 dark:text-gray-400"
                >
                  Saturday Hours
                </span>
                <span
                  class="text-right text-sm font-medium text-gray-900 dark:text-white"
                >
                  24 hours
                </span>
              </div>
              <div
                class="flex items-start justify-between gap-4 border-b border-gray-50 py-2 last:border-0 dark:border-gray-800"
              >
                <span
                  class="shrink-0 text-sm text-gray-500 dark:text-gray-400"
                >
                  Sunday Hours
                </span>
                <span
                  class="text-right text-sm font-medium text-gray-900 dark:text-white"
                >
                  24 hours
                </span>
              </div>
            </div>
            <div
              class="rounded-xl border border-gray-100 bg-white p-5 shadow-sm dark:border-gray-700 dark:bg-gray-900"
            >
              <h2
                class="mb-4 text-xs font-semibold tracking-widest text-gray-400 uppercase dark:text-gray-500"
              >
                Accessibility
              </h2>
              <div
                class="flex items-start justify-between gap-4 border-b border-gray-50 py-2 last:border-0 dark:border-gray-800"
              >
                <span
                  class="shrink-0 text-sm text-gray-500 dark:text-gray-400"
                >
                  ADA Accessible
                </span>
                <span
                  class="text-right text-sm font-medium text-gray-900 dark:text-white"
                >
                  <span
                    class="inline-flex items-center gap-1 text-sm font-medium text-green-600"
                  >
                    <span
                      class="h-1.5 w-1.5 rounded-full bg-green-500"
                    />
                     Yes
                  </span>
                </span>
              </div>
              <div
                class="flex items-start justify-between gap-4 border-b border-gray-50 py-2 last:border-0 dark:border-gray-800"
              >
                <span
                  class="shrink-0 text-sm text-gray-500 dark:text-gray-400"
                >
                  Elevator
                </span>
                <span
                  class="text-right text-sm font-medium text-gray-900 dark:text-white"
                >
                  <span
                    class="inline-flex items-center gap-1 text-sm font-medium text-green-600"
                  >
                    <span
                      class="h-1.5 w-1.5 rounded-full bg-green-500"
                    />
                     Yes
                  </span>
                </span>
              </div>
              <div
                class="flex items-start justify-between gap-4 border-b border-gray-50 py-2 last:border-0 dark:border-gray-800"
              >
                <span
                  class="shrink-0 text-sm text-gray-500 dark:text-gray-400"
                >
                  Escalator
                </span>
                <span
                  class="text-right text-sm font-medium text-gray-900 dark:text-white"
                >
                  <span
                    class="inline-flex items-center gap-1 text-sm font-medium text-green-600"
                  >
                    <span
                      class="h-1.5 w-1.5 rounded-full bg-green-500"
                    />
                     Yes
                  </span>
                </span>
              </div>
              <div
                class="flex items-start justify-between gap-4 border-b border-gray-50 py-2 last:border-0 dark:border-gray-800"
              >
                <span
                  class="shrink-0 text-sm text-gray-500 dark:text-gray-400"
                >
                  Parking
                </span>
                <span
                  class="text-right text-sm font-medium text-gray-900 dark:text-white"
                >
                  <span
                    class="inline-flex items-center gap-1 text-sm font-medium text-gray-400"
                  >
                    <span
                      class="h-1.5 w-1.5 rounded-full bg-gray-300"
                    />
                     No
                  </span>
                </span>
              </div>
              <div
                class="mt-3 flex flex-wrap gap-1.5"
              >
                <span
                  class="rounded bg-gray-100 px-2 py-0.5 text-xs text-gray-600 capitalize dark:bg-gray-800 dark:text-gray-400"
                >
                  fare vending
                </span>
                <span
                  class="rounded bg-gray-100 px-2 py-0.5 text-xs text-gray-600 capitalize dark:bg-gray-800 dark:text-gray-400"
                >
                  seating
                </span>
              </div>
            </div>
            <div
              class="rounded-xl border border-gray-100 bg-white p-5 shadow-sm dark:border-gray-700 dark:bg-gray-900"
            >
              <h2
                class="mb-4 text-xs font-semibold tracking-widest text-gray-400 uppercase dark:text-gray-500"
              >
                System IDs
              </h2>
              <div
                class="flex items-start justify-between gap-4 border-b border-gray-50 py-2 last:border-0 dark:border-gray-800"
              >
                <span
                  class="shrink-0 text-sm text-gray-500 dark:text-gray-400"
                >
                  CTA Map ID
                </span>
                <span
                  class="text-right text-sm font-medium text-gray-900 dark:text-white"
                >
                  40380
                </span>
              </div>
              <div
                class="flex items-start justify-between gap-4 border-b border-gray-50 py-2 last:border-0 dark:border-gray-800"
              >
                <span
                  class="shrink-0 text-sm text-gray-500 dark:text-gray-400"
                >
                  CTA Stop ID
                </span>
                <span
                  class="text-right text-sm font-medium text-gray-900 dark:text-white"
                >
                  30074
                </span>
              </div>
            </div>
          </div>
        </div>
      </div>
      <div
        class="w-full lg:w-1/3"
      />
    </div>
  </main>
</div>
`;
